adding event as Brian
rsvping as Mr. Brian
booking hotel as Steve
