public class PackageSettings {

    public static EnvironmentAwareReporter FrontloadedReporter = new JunitReporter();
    public static ApprovalFailureReporter UseReporter = new ClipboardReporter();
    public static String UseApprovalSubdirectory = "approvals";
    public static String ApprovalBaseDirectory = "../resources";
}
