[0] = 1
[1] = 3.1415
[2] = Lars
[3] = null
[4] = 2.4
