Methods without a corresponding array or list


Query.all(Iterable,Function1)
Query.all(Object[],Function1)
Query.any(Iterable,Function1)
Query.any(Object[],Function1)
Query.average(Iterable,Function1)
Query.distinct(Iterable)
Query.first(Iterable,Function1)
Query.first(Object[],Function1)
Query.getTop(Iterable,Function1,int)
Query.getTop(Object[],Function1,int)
Query.groupBy(Iterable,Function1)
Query.groupBy(Iterable,Function1,Function1,Function1)
Query.lambda$groupBy$5(Queryable)
Query.last(Iterable)
Query.last(Object[])
Query.max(Iterable)
Query.max(Iterable,Function1)
Query.max(Number[])
Query.max(Object[],Function1)
Query.min(Iterable)
Query.min(Iterable,Function1)
Query.orderBy(List,Function1)
Query.orderBy(List,Order,Function1)
Query.orderBy(Object[],Function1)
Query.orderBy(Object[],Order,Function1)
Query.select(Iterable,Function1)
Query.select(Object[],Function1)
Query.selectMany(Iterable,Function1)
Query.selectManyArray(Iterable,Function1)
Query.skip(Iterable,int)
Query.skip(Object[],int)
Query.sum(Iterable)
Query.sum(Iterable,Function1)
Query.sum(Number[])
Query.sum(Object[],Function1)
Query.take(Iterable,int)
Query.take(Object[],int)
Query.where(Iterable,Function1)
Query.where(Object[],Function1)
