3 = [One, Two, Red]
4 = [Fish, Fish, Fish, Blue, Fish]
