[0] = Anna
[1] = Abby
[2] = Alice
[3] = Bob
[4] = Barbara
[5] = Barry
