Date scrubbing


Scrubbing for Tue May 13 16:30:00:
RegExScrubber[[a-zA-Z][a-zA-Z][a-zA-Z] [a-zA-Z][a-zA-Z][a-zA-Z] \d\d \d\d:\d\d:\d\d]
Example: {'date':"[Date1]"}


Scrubbing for Tue May 13 2014 23:30:00.789:
RegExScrubber[[a-zA-Z][a-zA-Z][a-zA-Z] [a-zA-Z][a-zA-Z][a-zA-Z] \d\d \d\d\d\d \d\d:\d\d:\d\d.\d\d\d]
Example: {'date':"[Date1]"}


Scrubbing for Tue May 13 16:30:00 -0800 2014:
RegExScrubber[[a-zA-Z][a-zA-Z][a-zA-Z] [a-zA-Z][a-zA-Z][a-zA-Z] \d\d \d\d:\d\d:\d\d -\d\d\d\d \d\d\d\d]
Example: {'date':"[Date1]"}


Scrubbing for 13 May 2014 23:50:49,999:
RegExScrubber[\d\d [a-zA-Z][a-zA-Z][a-zA-Z] \d\d\d\d \d\d:\d\d:\d\d,\d\d\d]
Example: {'date':"[Date1]"}


Scrubbing for May 13, 2014 11:30:00 PM PST:
RegExScrubber[[a-zA-Z][a-zA-Z][a-zA-Z] \d\d, \d\d\d\d \d\d:\d\d:\d\d [a-zA-Z][a-zA-Z] [a-zA-Z][a-zA-Z][a-zA-Z]]
Example: {'date':"[Date1]"}


Scrubbing for 23:30:00:
RegExScrubber[\d\d:\d\d:\d\d]
Example: {'date':"[Date1]"}


Scrubbing for 2014/05/13 16:30:59.786:
RegExScrubber[\d\d\d\d/\d\d/\d\d \d\d:\d\d:\d\d.\d\d\d]
Example: {'date':"[Date1]"}


Scrubbing for 2020-09-10T08:07Z:
RegExScrubber[\d{4}-\d{1,2}-\d{1,2}T\d{1,2}:\d{2}Z]
Example: {'date':"[Date1]"}


Scrubbing for 2020-9-10T08:07Z:
RegExScrubber[\d{4}-\d{1,2}-\d{1,2}T\d{1,2}:\d{2}Z]
Example: {'date':"[Date1]"}


Scrubbing for 2020-09-9T08:07Z:
RegExScrubber[\d{4}-\d{1,2}-\d{1,2}T\d{1,2}:\d{2}Z]
Example: {'date':"[Date1]"}


Scrubbing for 2020-09-10T8:07Z:
RegExScrubber[\d{4}-\d{1,2}-\d{1,2}T\d{1,2}:\d{2}Z]
Example: {'date':"[Date1]"}


Scrubbing for 2020-09-10T01:23:45.678Z:
RegExScrubber[\d{4}-\d{1,2}-\d{1,2}T\d{1,2}:\d{2}\:\d{2}\.\d{3}Z]
Example: {'date':"[Date1]"}


