SELECT a.* 
FROM SHIFTS AS a 
WHERE (a.FOR_DAY = '2020-01-02')