Countries[000] = Albania
Countries[001] = Algeria
Countries[002] = American Samoa
Countries[003] = Andorra
Countries[004] = Angola
Countries[005] = Anguilla
Countries[006] = Antigua & Barbuda
Countries[007] = Argentina
Countries[008] = Armenia
Countries[009] = Aruba
Countries[010] = Australia
Countries[011] = Austria
Countries[012] = Azerbaijan
Countries[013] = Azores
Countries[014] = Bahamas
Countries[015] = Bahrain
Countries[016] = Bangladesh
Countries[017] = Barbados
Countries[018] = Belarus
Countries[019] = Belgium
Countries[020] = Belize
Countries[021] = Benin
Countries[022] = Bermuda
Countries[023] = Bolivia
Countries[024] = Bonaire
Countries[025] = Bosnia
Countries[026] = Botswana
Countries[027] = Brazil
Countries[028] = British Virgin Isles
Countries[029] = Brunei
Countries[030] = Bulgaria
Countries[031] = Burkina Faso
Countries[032] = Burundi
Countries[033] = Cambodia
Countries[034] = Cameroon
Countries[035] = Canada
Countries[036] = Canary Islands
Countries[037] = Cape Verde
Countries[038] = Cayman Islands
Countries[039] = Central African Republic
Countries[040] = Chad
Countries[041] = Channel Islands
Countries[042] = Chile
Countries[043] = Colombia
Countries[044] = Cook Islands
Countries[045] = Costa Rica
Countries[046] = Cote d' Ivoire
Countries[047] = Croatia
Countries[048] = Cuba
Countries[049] = Curacao
Countries[050] = Cyprus
Countries[051] = Czech Republic
Countries[052] = Dem. Republic of Congo
Countries[053] = Denmark
Countries[054] = Djibouti
Countries[055] = Dominica
Countries[056] = Dominican Republic
Countries[057] = Ecuador
Countries[058] = Egypt
Countries[059] = El Salvador
Countries[060] = England
Countries[061] = Equatorial Guinea
Countries[062] = Eritrea
Countries[063] = Estonia
Countries[064] = Ethiopia
Countries[065] = Faeroe Islands
Countries[066] = Fiji
Countries[067] = Finland
Countries[068] = France
Countries[069] = French Guiana
Countries[070] = French Polynesia
Countries[071] = Gabon
Countries[072] = Gambia
Countries[073] = Georgia
Countries[074] = Germany
Countries[075] = Ghana
Countries[076] = Gibraltar
Countries[077] = Greece
Countries[078] = Greenland
Countries[079] = Grenada
Countries[080] = Guadeloupe
Countries[081] = Guam
Countries[082] = Guatemala
Countries[083] = Guinea
Countries[084] = Guinea-Bissau
Countries[085] = Guyana
Countries[086] = Haiti
Countries[087] = Holland
Countries[088] = Honduras
Countries[089] = Hong Kong
Countries[090] = Hungary
Countries[091] = Iceland
Countries[092] = India
Countries[093] = Indonesia
Countries[094] = Iran
Countries[095] = Iraq
Countries[096] = Israel
Countries[097] = Italy
Countries[098] = Jamaica
Countries[099] = Japan
Countries[100] = Jordan
Countries[101] = Kazakhstan
Countries[102] = Kenya
Countries[103] = Kiribati
Countries[104] = Kosrae
Countries[105] = Kuwait
Countries[106] = Kyrgyzstan
Countries[107] = Laos
Countries[108] = Latvia
Countries[109] = Lebanon
Countries[110] = Lesotho
Countries[111] = Liberia
Countries[112] = Libya
Countries[113] = Liechtenstein
Countries[114] = Lithuania
Countries[115] = Luxembourg
Countries[116] = Macau
Countries[117] = Macedonia
Countries[118] = Madagascar
Countries[119] = Madeira
Countries[120] = Malawi
Countries[121] = Malaysia
Countries[122] = Maldives
Countries[123] = Mali
Countries[124] = Malta
Countries[125] = Marshall Islands
Countries[126] = Martinique
Countries[127] = Mauritania
Countries[128] = Mauritius
Countries[129] = Mexico
Countries[130] = Micronesia
Countries[131] = Moldova
Countries[132] = Monaco
Countries[133] = Mongolia
Countries[134] = Montserrat
Countries[135] = Morocco
Countries[136] = Mozambique
Countries[137] = Myanmar
Countries[138] = N. Mariana Islands
Countries[139] = Namibia
Countries[140] = Nepal
Countries[141] = Netherlands
Countries[142] = Netherlands Antilles
Countries[143] = New Caledonia
Countries[144] = New Zealand
Countries[145] = Nicaragua
Countries[146] = Niger
Countries[147] = Nigeria
Countries[148] = Norfolk Island
Countries[149] = North Korea
Countries[150] = Northern Ireland
Countries[151] = Norway
Countries[152] = Oman
Countries[153] = Pakistan
Countries[154] = Palau
Countries[155] = Panama
Countries[156] = Papua New Guinea
Countries[157] = Paraguay
Countries[158] = Peoples Republic of China
Countries[159] = Peru
Countries[160] = Philippines
Countries[161] = Poland
Countries[162] = Ponape
Countries[163] = Portugal
Countries[164] = Puerto Rico
Countries[165] = Qatar
Countries[166] = Republic of Congo
Countries[167] = Republic of Ireland
Countries[168] = Republic of Yemen
Countries[169] = Reunion
Countries[170] = Romania
Countries[171] = Rota
Countries[172] = Russia
Countries[173] = Rwanda
Countries[174] = Saba
Countries[175] = Saipan
Countries[176] = San Marino
Countries[177] = Saudi Arabia
Countries[178] = Scotland
Countries[179] = Senegal
Countries[180] = Seychelles
Countries[181] = Sierra Leone
Countries[182] = Singapore
Countries[183] = Slovakia
Countries[184] = Slovenia
Countries[185] = Solomon Islands
Countries[186] = South Africa
Countries[187] = South Korea
Countries[188] = Spain
Countries[189] = Sri Lanka
Countries[190] = St Vincent/Grenadine
Countries[191] = St. Barthelemy
Countries[192] = St. Christopher
Countries[193] = St. Croix
Countries[194] = St. Eustatius
Countries[195] = St. John
Countries[196] = St. Kitts & Nevis
Countries[197] = St. Lucia
Countries[198] = St. Maarten
Countries[199] = St. Martin
Countries[200] = St. Thomas
Countries[201] = Sudan
Countries[202] = Suriname
Countries[203] = Swaziland
Countries[204] = Sweden
Countries[205] = Switzerland
Countries[206] = Syria
Countries[207] = Tahiti
Countries[208] = Taiwan
Countries[209] = Tajikistan
Countries[210] = Tanzania
Countries[211] = Thailand
Countries[212] = Tinian
Countries[213] = Togo
Countries[214] = Tonga
Countries[215] = Tortola
Countries[216] = Trinidad & Tobago
Countries[217] = Truk
Countries[218] = Tunisia
Countries[219] = Turkey
Countries[220] = Turkmenistan
Countries[221] = Turks & Caicos Isles
Countries[222] = Tuvalu
Countries[223] = Uganda
Countries[224] = Ukraine
Countries[225] = Union Island
Countries[226] = United Arab Emirates
Countries[227] = United Kingdom
Countries[228] = United States
Countries[229] = Uruguay
Countries[230] = US Virgin Islands
Countries[231] = Uzbekistan
Countries[232] = Vanuatu
Countries[233] = Vatican City State
Countries[234] = Venezuela
Countries[235] = Vietnam
Countries[236] = Virgin Gorda
Countries[237] = Wake Island
Countries[238] = Wales
Countries[239] = Wallis & Futuna Isle
Countries[240] = Western Samoa
Countries[241] = Yap
Countries[242] = Yugoslavia
Countries[243] = Zambia
Countries[244] = Zimbabwe
