com.spun.util.DeprecatedException: getFilter is Depercated.
 Instead, please use :
 getFilter(t -> t.clone())
