com.spun.util.DeprecatedException: getForMethod is Depercated.
 Instead, please use :
 Query.first(onArray, o -> 2.equals(o.toString().toString()))
