com.spun.util.DeprecatedException: sum is Depercated.
 Instead, please use :
 Query.sum(list, l -> l.intValue())
