com.spun.util.DeprecatedException: com.spun.util.ThreadLauncher is Depercated.
 Instead, please use :
 new LambdaThreadLauncher(()-> object.length())
