age : 40 
date : 2001-01-01 00:00:00.0 
name : Llewellyn 
