states[00] = Alabama
states[01] = Alaska
states[02] = Arizona
states[03] = Arkansas
states[04] = California
states[05] = Colorado
states[06] = Connecticut
states[07] = Delaware
states[08] = Washington D.C.
states[09] = Florida
states[10] = Georgia
states[11] = Hawaii
states[12] = Idaho
states[13] = Illinois
states[14] = Indiana
states[15] = Iowa
states[16] = Kansas
states[17] = Kentucky
states[18] = Louisiana
states[19] = Maine
states[20] = Maryland
states[21] = Massachusetts
states[22] = Michigan
states[23] = Minnesota
states[24] = Mississippi
states[25] = Missouri
states[26] = Montana
states[27] = Nebraska
states[28] = Nevada
states[29] = New Hampshire
states[30] = New Jersey
states[31] = New Mexico
states[32] = New York
states[33] = North Carolina
states[34] = North Dakota
states[35] = Ohio
states[36] = Oklahoma
states[37] = Oregon
states[38] = Pennsylvania
states[39] = Rhode Island
states[40] = South Carolina
states[41] = South Dakota
states[42] = Tennessee
states[43] = Texas
states[44] = Utah
states[45] = Vermont
states[46] = Virginia
states[47] = Washington
states[48] = West Virginia
states[49] = Wisconsin
states[50] = Wyoming
