whitespace


---
  hello 
    
   

--- ->---
  hello 
---

---
  hello 
    
 a 

--- ->---
  hello 
 a 
---

---
  hello  
--- ->---
  hello  
---

