Dates[0] = 2001-01-31 00:00:00.0
Dates[1] = 2001-01-21 00:00:00.0
