/Users/lars/Library/Application Support/JetBrains/Toolbox/apps/IDEA-ARM/ch-0/211.6693.65/IntelliJ IDEA 2021.1 EAP.app/Contents/MacOS/idea
