/Users/lars/Library/Application Support/JetBrains/Toolbox/apps/IDEA-U/ch-0/211.xxx.xxx/IntelliJ IDEA.app/Contents/MacOS/idea