unroll lambda


doStuff -> doStuff
lambda$handleCallback$0 -> handleCallback
