C:\Program Files (x86)\TortoiseSVN\bin\TortoiseMerge.exe %s %s