TITLE


placeholder input.value1
placeholder input.value2
