com.spun.util.FormattedException: Approvals.verify(Component) has moved to AwtApprovals.verify(Component)
called Approvals.verify(Object)
