Now is the time for all good coders to come to the aid of their countrypersons