{
  "infos": {
    "address": null,
    "phone": "my phone"
  },
  "insurance": {
    "forks": [
      14,
      53,
      123
    ],
    "prices": [
      5,
      8,
      "3%"
    ]
  }
}