{"org.approvaltests.Circular": {
  "parent": {
    "parent": {
      "@reference": "../.."
    },
    "label": "child"
  },
  "label": "middle"
}}