{"org.approvaltests.Circular": {
  "parent": {
    "@reference": ".."
  },
  "label": "Label"
}}