<html><body><h1>hello approvals</h1></body></html>
